// Jest Snapshot v1, https://goo.gl/fbAQLP

exports[`saveProfile saves the profile to AsyncStorage and Firebase 1`] = `
Array [
  Array [
    "profile",
    "{\\"UUID\\":\\"arbostrisand\\"}",
  ],
]
`;

exports[`saveProfile saves the profile to AsyncStorage and Firebase 2`] = `
Array [
  Array [
    Object {
      "UUID": "arbostrisand",
    },
  ],
]
`;
