exports[`experimentViewed sends an Experiment Viewed tracking event to Segment 1`] = `undefined`;

exports[`sendPhoneNumberToSlack sends a phone number to Slack 1`] = `Array []`;

exports[`sendPhoneNumberToSlack sends a phone number to Slack 2`] = `
Array [
  Array [
    "https://hooks.slack.com/services/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",
    Object {
      "body": "{\"text\":\"Reminder received! +61401633346\"}",
      "method": "POST",
    },
  ],
]
`;
