exports[`test handles when the image is selected 1`] = `
Array [
  Array [
    Object {
      "type": "RESET_STATE",
    },
  ],
  Array [
    Object {
      "avatarURL": "heythere",
      "type": "SELECT_KID_IMAGE",
    },
  ],
  Array [
    [Function],
  ],
  Array [
    [Function],
  ],
]
`;

exports[`test renders the <CreateKid> component 1`] = `
<View
  colors={
    Array [
      "#448AFF",
      "#90CAF9",
    ]
  }
  style={
    Object {
      "alignItems": "center",
      "backgroundColor": "#448AFF",
      "flex": 1,
      "justifyContent": "flex-start",
      "padding": 16,
    }
  }>
  <Text
    accessible={true}
    allowFontScaling={true}
    ellipsizeMode="tail"
    style={
      Object {
        "backgroundColor": "transparent",
        "color": "#FFF",
        "fontFamily": "Raleway-ExtraBold",
        "fontSize": 30,
        "marginBottom": -2,
        "textAlign": "center",
      }
    }>
    Add your child, 
    Name
  </Text>
  <View
    style={
      Object {
        "height": 24,
      }
    } />
  <Text
    accessible={true}
    allowFontScaling={true}
    ellipsizeMode="tail"
    style={
      Object {
        "backgroundColor": "transparent",
        "color": "#FFF",
        "fontFamily": "Raleway-Regular",
        "fontSize": 18,
        "fontWeight": "200",
        "textAlign": "center",
      }
    }>
    Type your child\'s name in the box below, then tap on the circle to add a picture.
  </Text>
  <View
    style={
      Object {
        "height": 24,
      }
    } />
  <Text
    accessible={true}
    allowFontScaling={true}
    ellipsizeMode="tail"
    style={
      Object {
        "backgroundColor": "transparent",
        "color": "#FFF",
        "fontSize": 14,
        "fontWeight": "400",
        "textAlign": "center",
      }
    }>
    Don\'t worry, only you can see your child\'s picture. If you feel uncomfortable using their photo, you can use any image you like.
  </Text>
  <View
    style={
      Object {
        "height": 36,
      }
    } />
  <TextInput
    autoCapitalize="words"
    autoCorrect={false}
    onChangeText={[Function]}
    onSubmitEditing={[Function]}
    placeholder="eg. Jen Smith"
    placeholderTextColor="rgba(75, 73, 73, 0.8)"
    style={
      Object {
        "backgroundColor": "#EEE",
        "borderRadius": 6,
        "color": "rgba(75, 73, 73, 1)",
        "fontSize": 16,
        "fontWeight": "normal",
        "height": 32,
        "marginBottom": 13,
        "marginHorizontal": 0,
        "padding": 6,
        "width": 718,
      }
    }
    underlineColorAndroid="rgba(255, 255, 255, 1)" />
  <View
    style={
      Object {
        "height": 16,
      }
    } />
  <View
    accessibilityComponentType={undefined}
    accessibilityLabel={undefined}
    accessibilityTraits={undefined}
    accessible={true}
    hitSlop={undefined}
    onLayout={undefined}
    onResponderGrant={[Function]}
    onResponderMove={[Function]}
    onResponderRelease={[Function]}
    onResponderTerminate={[Function]}
    onResponderTerminationRequest={[Function]}
    onStartShouldSetResponder={[Function]}
    style={
      Object {
        "opacity": 1,
      }
    }
    testID={undefined}>
    <Image
      source={1} />
  </View>
</View>
`;
