// Jest Snapshot v1, https://goo.gl/fbAQLP

exports[`<ParentApp /> renders the Parent with the AreYouReady component if no kids in the profile 1`] = `
<View>
  <View
    component={[Function]}
    initial={true}
  />
  <View
    component={[Function]}
  />
  <View
    component={[Function]}
    initial={true}
  />
  <View
    component={[Function]}
  />
  <View
    component={[Function]}
  />
  <View
    component={[Function]}
  />
  <View
    component={[Function]}
  />
  <View
    component={[Function]}
  />
  <View
    component={[Function]}
  />
  <View
    component={[Function]}
    initial={false}
  />
  <View
    component={[Function]}
  />
  <View
    component={[Function]}
  />
  <View
    component={[Function]}
    initial={false}
  />
</View>
`;

exports[`<ParentApp /> renders the Parent with the ReportHome component active if installed 1`] = `
<View>
  <View
    component={[Function]}
    initial={false}
  />
  <View
    component={[Function]}
  />
  <View
    component={[Function]}
  />
  <View
    component={[Function]}
  />
  <View
    component={[Function]}
  />
  <View
    component={[Function]}
  />
  <View
    component={[Function]}
  />
  <View
    component={[Function]}
  />
  <View
    component={[Function]}
  />
  <View
    component={[Function]}
    initial={true}
  />
  <View
    component={[Function]}
    initial={false}
  />
</View>
`;

exports[`<ParentApp /> renders the Parent with the SplashScreen component active if not installed 1`] = `
<View>
  <View
    component={[Function]}
    initial={true}
  />
  <View
    component={[Function]}
  />
  <View
    component={[Function]}
  />
  <View
    component={[Function]}
  />
  <View
    component={[Function]}
  />
  <View
    component={[Function]}
  />
  <View
    component={[Function]}
  />
  <View
    component={[Function]}
  />
  <View
    component={[Function]}
  />
  <View
    component={[Function]}
    initial={false}
  />
  <View
    component={[Function]}
    initial={false}
  />
</View>
`;
