exports[`test renders the <SelectDevice> component 1`] = `
<View>
  <View
    style={
      Object {
        "alignItems": "flex-end",
        "flexDirection": "row",
        "justifyContent": "center",
      }
    }>
    <View
      accessibilityComponentType={undefined}
      accessibilityLabel={undefined}
      accessibilityTraits={undefined}
      accessible={true}
      hitSlop={undefined}
      onLayout={undefined}
      onResponderGrant={[Function]}
      onResponderMove={[Function]}
      onResponderRelease={[Function]}
      onResponderTerminate={[Function]}
      onResponderTerminationRequest={[Function]}
      onStartShouldSetResponder={[Function]}
      style={
        Object {
          "flexDirection": "column",
          "justifyContent": "flex-end",
          "opacity": 1,
        }
      }
      testID={undefined}>
      <Image
        animation="bounceInLeft"
        source={1}
        style={
          Object {
            "justifyContent": "flex-end",
            "marginHorizontal": 16,
          }
        } />
    </View>
    <View
      accessibilityComponentType={undefined}
      accessibilityLabel={undefined}
      accessibilityTraits={undefined}
      accessible={true}
      hitSlop={undefined}
      onLayout={undefined}
      onResponderGrant={[Function]}
      onResponderMove={[Function]}
      onResponderRelease={[Function]}
      onResponderTerminate={[Function]}
      onResponderTerminationRequest={[Function]}
      onStartShouldSetResponder={[Function]}
      style={
        Object {
          "flexDirection": "column",
          "justifyContent": "flex-end",
          "opacity": 1,
        }
      }
      testID={undefined}>
      <Image
        animation="bounceInRight"
        source={1}
        style={
          Object {
            "justifyContent": "flex-end",
            "marginHorizontal": 16,
          }
        } />
    </View>
  </View>
  <View
    style={
      Object {
        "height": 32,
      }
    } />
  <Text
    accessible={true}
    allowFontScaling={true}
    ellipsizeMode="tail"
    style={
      Object {
        "backgroundColor": "transparent",
        "color": "#FFF",
        "fontFamily": "Raleway-ExtraBold",
        "fontSize": 30,
        "marginBottom": -2,
        "textAlign": "center",
      }
    }>
    What kind of device?
  </Text>
  <View
    style={
      Object {
        "height": 8,
      }
    } />
  <Text
    accessible={true}
    allowFontScaling={true}
    ellipsizeMode="tail"
    style={
      Object {
        "backgroundColor": "transparent",
        "color": "#FFF",
        "fontFamily": "Raleway-Regular",
        "fontSize": 18,
        "fontWeight": "200",
        "textAlign": "center",
      }
    }>
    Tap one of the devices above to start monitoring.
  </Text>
</View>
`;
