// Jest Snapshot v1, https://goo.gl/fbAQLP

exports[`NameSetup Renders correctly 1`] = `
<View
  style={
    Object {
      "alignItems": "center",
      "backgroundColor": "#F0F2F7",
      "flex": 1,
    }
  }
>
  <View
    style={
      Object {
        "paddingLeft": 24,
        "paddingRight": 24,
        "paddingTop": 16,
      }
    }
  >
    <Text
      accessible={true}
      allowFontScaling={true}
      ellipsizeMode="tail"
      style={
        Object {
          "backgroundColor": "transparent",
          "color": "#545454",
          "fontFamily": "Raleway-ExtraBold",
          "fontSize": 30,
          "marginBottom": -2,
          "textAlign": "center",
        }
      }
    >
      Last step!
    </Text>
    <View
      style={
        Object {
          "height": 16,
        }
      }
    />
    <View
      elevation={6}
      style={
        Object {
          "backgroundColor": "#FFF",
          "borderRadius": 4,
          "marginBottom": 24,
          "padding": 16,
          "shadowColor": "#000000",
          "shadowOffset": Object {
            "height": 3,
            "width": 3,
          },
          "shadowOpacity": 0.16,
          "shadowRadius": 3,
          "width": 734,
        }
      }
    >
      <Text
        accessible={true}
        allowFontScaling={true}
        ellipsizeMode="tail"
        style={
          Object {
            "color": "#545454",
            "fontFamily": "Raleway-Regular",
            "fontSize": 14,
          }
        }
      >
        Your email address:
      </Text>
      <TextInput
        autoCapitalize="words"
        autoCorrect={false}
        keyboardType="email-address"
        onChangeText={[Function]}
        onSubmitEditing={undefined}
        placeholderTextColor="rgba(75, 73, 73, 0.8)"
        secureTextEntry={undefined}
        style={
          Object {
            "backgroundColor": "#EFEFEF",
            "borderRadius": 4,
            "color": "rgba(75, 73, 73, 1)",
            "fontFamily": "Raleway-Regular",
            "height": 32,
            "paddingHorizontal": 8,
            "width": 686,
          }
        }
        underlineColorAndroid="#448AFF"
        value="test@test.com"
      />
      <Text
        accessible={true}
        allowFontScaling={true}
        ellipsizeMode="tail"
        style={
          Object {
            "color": "#545454",
            "fontFamily": "Raleway-Regular",
            "fontSize": 14,
          }
        }
      >
        Your name:
      </Text>
      <TextInput
        autoCapitalize="words"
        autoCorrect={false}
        keyboardType={undefined}
        onChangeText={[Function]}
        onSubmitEditing={undefined}
        placeholderTextColor="rgba(75, 73, 73, 0.8)"
        secureTextEntry={undefined}
        style={
          Object {
            "backgroundColor": "#EFEFEF",
            "borderRadius": 4,
            "color": "rgba(75, 73, 73, 1)",
            "fontFamily": "Raleway-Regular",
            "height": 32,
            "paddingHorizontal": 8,
            "width": 686,
          }
        }
        underlineColorAndroid="#448AFF"
        value={undefined}
      />
      <Text
        accessible={true}
        allowFontScaling={true}
        ellipsizeMode="tail"
        style={
          Object {
            "color": "#545454",
            "fontFamily": "Raleway-Regular",
            "fontSize": 14,
          }
        }
      >
        Choose a password:
      </Text>
      <TextInput
        autoCapitalize="none"
        autoCorrect={false}
        keyboardType={undefined}
        onChangeText={[Function]}
        onSubmitEditing={undefined}
        placeholderTextColor="rgba(75, 73, 73, 0.8)"
        secureTextEntry={true}
        style={
          Object {
            "backgroundColor": "#EFEFEF",
            "borderRadius": 4,
            "color": "rgba(75, 73, 73, 1)",
            "fontFamily": "Raleway-Regular",
            "height": 32,
            "paddingHorizontal": 8,
            "width": 686,
          }
        }
        underlineColorAndroid="#448AFF"
        value={undefined}
      />
    </View>
  </View>
  <View
    style={
      Object {
        "alignItems": "center",
        "alignSelf": "center",
        "flexDirection": "row",
      }
    }
  >
    <View
      accessibilityComponentType={undefined}
      accessibilityLabel={undefined}
      accessibilityTraits={undefined}
      accessible={true}
      hitSlop={undefined}
      isTVSelectable={true}
      onLayout={undefined}
      onResponderGrant={[Function]}
      onResponderMove={[Function]}
      onResponderRelease={[Function]}
      onResponderTerminate={[Function]}
      onResponderTerminationRequest={[Function]}
      onStartShouldSetResponder={[Function]}
      style={
        Object {
          "alignItems": "center",
          "backgroundColor": "transparent",
          "flexDirection": "row",
          "justifyContent": "center",
          "opacity": 1,
        }
      }
      testID={undefined}
      tvParallaxProperties={undefined}
    >
      <Text
        accessible={true}
        allowFontScaling={true}
        ellipsizeMode="tail"
        style={
          Object {
            "color": "#FFF",
            "fontFamily": "Raleway-Regular",
            "fontSize": 20,
          }
        }
      >
        See 
        Chris
        's usage
         
      </Text>
    </View>
  </View>
</View>
`;
