// Jest Snapshot v1, https://goo.gl/fbAQLP

exports[`NameSetup Renders correctly 1`] = `
<RCTScrollView
  contentContainerStyle={
    Object {
      "alignItems": "center",
      "flex": 1,
      "justifyContent": "center",
    }
  }
  style={
    Object {
      "backgroundColor": "#F0F2F7",
    }
  }
>
  <View>
    <View
      style={
        Object {
          "alignItems": "center",
          "justifyContent": "center",
        }
      }
    >
      <Text
        accessible={true}
        allowFontScaling={true}
        ellipsizeMode="tail"
        style={
          Object {
            "backgroundColor": "transparent",
            "color": "#545454",
            "fontFamily": "Raleway-ExtraBold",
            "fontSize": 26,
            "paddingHorizontal": 55,
            "textAlign": "center",
          }
        }
      >
        Last step!
      </Text>
      <View
        style={
          Object {
            "height": 16,
          }
        }
      />
      <View
        elevation={6}
        style={
          Array [
            Object {
              "backgroundColor": "#FFF",
              "borderRadius": 4,
              "margin": 8,
              "marginBottom": 24,
              "padding": 8,
              "shadowColor": "#000000",
              "shadowOffset": Object {
                "height": 3,
                "width": 3,
              },
              "shadowOpacity": 0.16,
              "shadowRadius": 3,
              "width": 734,
            },
            Object {
              "alignItems": "center",
              "justifyContent": "center",
            },
          ]
        }
      >
        <View
          style={
            Object {
              "alignItems": "flex-start",
              "marginVertical": 16,
            }
          }
        >
          <Text
            accessible={true}
            allowFontScaling={true}
            ellipsizeMode="tail"
            style={
              Object {
                "color": "#545454",
                "fontFamily": "Raleway-Regular",
                "fontSize": 14,
              }
            }
          >
            Your email address:
          </Text>
          <View>
            <TextInput
              autoCapitalize="words"
              autoCorrect={false}
              keyboardType="email-address"
              onChangeText={[Function]}
              onSubmitEditing={undefined}
              placeholderTextColor="rgba(75, 73, 73, 0.8)"
              secureTextEntry={undefined}
              style={
                Object {
                  "backgroundColor": "transparent",
                  "borderRadius": 4,
                  "color": "rgba(75, 73, 73, 1)",
                  "fontFamily": "Raleway-Regular",
                  "height": 32,
                  "marginTop": 4,
                  "paddingHorizontal": 8,
                  "width": 686,
                }
              }
              underlineColorAndroid="#448AFF"
              value="test@test.com"
            />
            <View
              style={
                Object {
                  "backgroundColor": "#448AFF",
                  "height": 2,
                  "marginBottom": 16,
                }
              }
            />
          </View>
          <Text
            accessible={true}
            allowFontScaling={true}
            ellipsizeMode="tail"
            style={
              Object {
                "color": "#545454",
                "fontFamily": "Raleway-Regular",
                "fontSize": 14,
              }
            }
          >
            Your name:
          </Text>
          <View>
            <TextInput
              autoCapitalize="words"
              autoCorrect={false}
              keyboardType={undefined}
              onChangeText={[Function]}
              onSubmitEditing={undefined}
              placeholderTextColor="rgba(75, 73, 73, 0.8)"
              secureTextEntry={undefined}
              style={
                Object {
                  "backgroundColor": "transparent",
                  "borderRadius": 4,
                  "color": "rgba(75, 73, 73, 1)",
                  "fontFamily": "Raleway-Regular",
                  "height": 32,
                  "marginTop": 4,
                  "paddingHorizontal": 8,
                  "width": 686,
                }
              }
              underlineColorAndroid="#448AFF"
              value={undefined}
            />
            <View
              style={
                Object {
                  "backgroundColor": "#448AFF",
                  "height": 2,
                  "marginBottom": 16,
                }
              }
            />
          </View>
          <Text
            accessible={true}
            allowFontScaling={true}
            ellipsizeMode="tail"
            style={
              Object {
                "color": "#545454",
                "fontFamily": "Raleway-Regular",
                "fontSize": 14,
              }
            }
          >
            Choose a password:
          </Text>
          <View>
            <TextInput
              autoCapitalize="none"
              autoCorrect={false}
              keyboardType={undefined}
              onChangeText={[Function]}
              onSubmitEditing={undefined}
              placeholderTextColor="rgba(75, 73, 73, 0.8)"
              secureTextEntry={true}
              style={
                Object {
                  "backgroundColor": "transparent",
                  "borderRadius": 4,
                  "color": "rgba(75, 73, 73, 1)",
                  "fontFamily": "Raleway-Regular",
                  "height": 32,
                  "marginTop": 4,
                  "paddingHorizontal": 8,
                  "width": 686,
                }
              }
              underlineColorAndroid="#448AFF"
              value={undefined}
            />
            <View
              style={
                Object {
                  "backgroundColor": "#448AFF",
                  "height": 2,
                  "marginBottom": 16,
                }
              }
            />
          </View>
        </View>
      </View>
    </View>
    <View
      style={
        Object {
          "alignItems": "center",
          "alignSelf": "center",
          "flexDirection": "row",
        }
      }
    >
      <View
        accessibilityComponentType={undefined}
        accessibilityLabel={undefined}
        accessibilityTraits={undefined}
        accessible={true}
        hitSlop={undefined}
        isTVSelectable={true}
        onLayout={undefined}
        onResponderGrant={[Function]}
        onResponderMove={[Function]}
        onResponderRelease={[Function]}
        onResponderTerminate={[Function]}
        onResponderTerminationRequest={[Function]}
        onStartShouldSetResponder={[Function]}
        style={
          Object {
            "alignItems": "center",
            "backgroundColor": "transparent",
            "flexDirection": "row",
            "justifyContent": "center",
            "marginTop": 16,
            "opacity": 1,
          }
        }
        testID={undefined}
        tvParallaxProperties={undefined}
      >
        <Text
          accessible={true}
          allowFontScaling={true}
          ellipsizeMode="tail"
          style={
            Object {
              "color": "#448AFF",
              "fontFamily": "Raleway-Regular",
              "fontSize": 20,
            }
          }
        >
          See 
          Chris
          's usage
           
        </Text>
      </View>
    </View>
  </View>
</RCTScrollView>
`;
