// Jest Snapshot v1, https://goo.gl/fbAQLP

exports[`handles logins 1`] = `
Array [
  Array [
    Promise {
      "_45": 0,
      "_54": null,
      "_65": undefined,
      "_81": 1,
    },
  ],
]
`;

exports[`renders the <SplashScreen> component 1`] = `
<View
  colors={
    Array [
      "#448AFF",
      "#90CAF9",
    ]
  }
  style={
    Object {
      "alignItems": "center",
      "flex": 1,
      "paddingHorizontal": 32,
    }
  }
>
  <Image
    animation="bounceInDown"
    resizeMode="contain"
    source={1}
    style={
      Object {
        "height": 667,
      }
    }
    useNativeDriver={true}
  />
  <View
    style={
      Object {
        "height": 32,
      }
    }
  />
  <Text
    accessible={true}
    allowFontScaling={true}
    animation="bounceIn"
    delay={1000}
    ellipsizeMode="tail"
    style={
      Object {
        "backgroundColor": "transparent",
        "color": "#FFF",
        "fontFamily": "Raleway-ExtraBold",
        "fontSize": 28,
        "marginBottom": 16,
        "textAlign": "center",
      }
    }
    useNativeDriver={true}
  >
    What are your children doing online?
  </Text>
  <View
    style={
      Object {
        "height": 32,
      }
    }
  />
  <View
    animation="bounceInUp"
    delay={2000}
    useNativeDriver={true}
  >
    <View
      accessibilityComponentType={undefined}
      accessibilityLabel={undefined}
      accessibilityTraits={undefined}
      accessible={true}
      hitSlop={undefined}
      onLayout={undefined}
      onResponderGrant={[Function]}
      onResponderMove={[Function]}
      onResponderRelease={[Function]}
      onResponderTerminate={[Function]}
      onResponderTerminationRequest={[Function]}
      onStartShouldSetResponder={[Function]}
      style={
        Object {
          "alignItems": "center",
          "backgroundColor": "transparent",
          "flexDirection": "row",
          "justifyContent": "center",
          "opacity": 1,
        }
      }
      testID={undefined}
    >
      <Text
        accessible={true}
        allowFontScaling={true}
        ellipsizeMode="tail"
        style={
          Object {
            "color": "#FFF",
            "fontFamily": "Raleway-Regular",
            "fontSize": 20,
          }
        }
      >
        Find out now
         
      </Text>
    </View>
  </View>
</View>
`;
