exports[`test renders on Android correctly 1`] = `
<View>
  <View
    onPress={[Function]}
    style={
      Object {
        "backgroundColor": "#448AFF",
      }
    }>
    <Text
      accessible={true}
      allowFontScaling={true}
      ellipsizeMode="tail"
      style={
        Object {
          "color": "#FFF",
          "fontWeight": "normal",
        }
      }>
      TESTING!
    </Text>
  </View>
</View>
`;
