exports[`<KidNumber> renders a kid's number 1`] = `
<Text
  accessible={true}
  allowFontScaling={true}
  ellipsizeMode="tail"
  style={
    Object {
      "backgroundColor": "transparent",
      "color": "#FFF",
      "fontFamily": "Raleway-Light",
      "fontSize": 17,
      "textAlign": "center",
    }
  }>
  +61 412 345 678
</Text>
`;
