exports[`test renders the <NotReadyYet> component 1`] = `
<View
  style={
    Object {
      "backgroundColor": "rgba(75, 73, 73, 1)",
      "flex": 1,
      "paddingHorizontal": 32,
      "paddingTop": 32,
    }
  }>
  <View
    style={
      Object {
        "flexDirection": "row",
        "justifyContent": "space-between",
      }
    }>
    <View
      accessibilityComponentType={undefined}
      accessibilityLabel={undefined}
      accessibilityTraits={undefined}
      accessible={true}
      hitSlop={undefined}
      onLayout={undefined}
      onResponderGrant={[Function]}
      onResponderMove={[Function]}
      onResponderRelease={[Function]}
      onResponderTerminate={[Function]}
      onResponderTerminationRequest={[Function]}
      onStartShouldSetResponder={[Function]}
      style={
        Object {
          "opacity": 1,
        }
      }
      testID={undefined}>
      <Image
        source={1} />
    </View>
    <Text
      accessible={true}
      allowFontScaling={true}
      ellipsizeMode="tail"
      style={
        Object {
          "backgroundColor": "transparent",
          "color": "#FFF",
          "fontFamily": "Raleway-ExtraBold",
          "fontSize": 26,
          "textAlign": "center",
        }
      }>
      [missing \"en.notReadyYet.header\" translation]
    </Text>
    <View />
  </View>
  <View
    style={
      Object {
        "height": 32,
      }
    } />
  <Text
    accessible={true}
    allowFontScaling={true}
    ellipsizeMode="tail"
    style={
      Object {
        "backgroundColor": "transparent",
        "color": "#FFF",
        "fontFamily": "Raleway-Regular",
        "fontSize": 16,
        "paddingBottom": 16,
        "textAlign": "left",
      }
    }>
    [missing \"en.notReadyYet.body1\" translation]
  </Text>
  <Text
    accessible={true}
    allowFontScaling={true}
    ellipsizeMode="tail"
    style={
      Object {
        "backgroundColor": "transparent",
        "color": "#FFF",
        "fontFamily": "Raleway-Regular",
        "fontSize": 16,
        "paddingBottom": 16,
        "textAlign": "left",
      }
    }>
    [missing \"en.notReadyYet.body2\" translation]
  </Text>
  <Text
    accessible={true}
    allowFontScaling={true}
    ellipsizeMode="tail"
    style={
      Object {
        "backgroundColor": "transparent",
        "color": "#FFF",
        "fontFamily": "Raleway-Regular",
        "fontSize": 16,
        "paddingBottom": 16,
        "textAlign": "left",
      }
    }>
    [missing \"en.notReadyYet.body3\" translation]
  </Text>
  <View
    style={
      Object {
        "height": 16,
      }
    } />
  <View
    style={
      Object {
        "alignItems": "center",
      }
    }>
    <View
      accessibilityComponentType={undefined}
      accessibilityLabel={undefined}
      accessibilityTraits={undefined}
      accessible={true}
      hitSlop={undefined}
      onLayout={undefined}
      onResponderGrant={[Function]}
      onResponderMove={[Function]}
      onResponderRelease={[Function]}
      onResponderTerminate={[Function]}
      onResponderTerminationRequest={[Function]}
      onStartShouldSetResponder={[Function]}
      style={
        Object {
          "alignItems": "center",
          "backgroundColor": "transparent",
          "flexDirection": "row",
          "justifyContent": "center",
          "opacity": 1,
        }
      }
      testID={undefined}>
      <Text
        accessible={true}
        allowFontScaling={true}
        ellipsizeMode="tail"
        style={
          Object {
            "color": "#FFF",
            "fontFamily": "Raleway-Regular",
            "fontSize": 20,
          }
        }>
        [missing \"en.notReadyYet.button\" translation]
         
      </Text>
    </View>
  </View>
</View>
`;
