// Jest Snapshot v1, https://goo.gl/fbAQLP

exports[`renders 1`] = `
<View
  style={
    Object {
      "alignItems": "center",
    }
  }
>
  <Text
    accessible={true}
    allowFontScaling={true}
    ellipsizeMode="tail"
    style={
      Object {
        "backgroundColor": "transparent",
        "color": "#FFF",
        "fontFamily": "Raleway-ExtraBold",
        "fontSize": 30,
        "marginBottom": -2,
        "textAlign": "center",
      }
    }
  >
    [missing "en.prompt.header" translation]
    , 
    , Kane
  </Text>
  <View
    style={
      Object {
        "height": 32,
      }
    }
  />
  <Image
    animation={undefined}
    duration={undefined}
    iterationCount={undefined}
    source={1}
    style={
      Object {
        "borderColor": "#FFF",
        "borderRadius": 102,
        "borderWidth": 5.828571428571428,
        "height": 204,
        "marginBottom": 20.4,
        "shadowColor": "rgba(0,0,0,0.5)",
        "shadowOffset": Object {
          "height": 2,
        },
        "shadowRadius": 5,
        "width": 204,
      }
    }
  />
  <View
    style={
      Object {
        "height": 32,
      }
    }
  />
  <Text
    accessible={true}
    allowFontScaling={true}
    ellipsizeMode="tail"
    style={
      Object {
        "backgroundColor": "transparent",
        "color": "#FFF",
        "fontFamily": "Raleway-Regular",
        "fontSize": 16,
        "textAlign": "center",
      }
    }
  >
    [missing "en.prompt.doYouHave" translation]
  </Text>
  <View
    style={
      Object {
        "height": 24,
      }
    }
  />
  <View
    style={
      Object {
        "flexDirection": "row",
        "justifyContent": "space-between",
        "padding": 32,
        "width": 686,
      }
    }
  >
    <View
      accessibilityComponentType={undefined}
      accessibilityLabel={undefined}
      accessibilityTraits={undefined}
      accessible={true}
      hitSlop={undefined}
      isTVSelectable={true}
      onLayout={undefined}
      onResponderGrant={[Function]}
      onResponderMove={[Function]}
      onResponderRelease={[Function]}
      onResponderTerminate={[Function]}
      onResponderTerminationRequest={[Function]}
      onStartShouldSetResponder={[Function]}
      style={
        Object {
          "alignItems": "center",
          "backgroundColor": "transparent",
          "flexDirection": "row",
          "justifyContent": "center",
          "opacity": 1,
        }
      }
      testID={undefined}
      tvParallaxProperties={undefined}
    >
      <Text
        accessible={true}
        allowFontScaling={true}
        ellipsizeMode="tail"
        style={
          Object {
            "color": "#FFF",
            "fontFamily": "Raleway-Regular",
            "fontSize": 20,
          }
        }
      >
        [missing "en.prompt.no" translation]
         
      </Text>
    </View>
    <View
      accessibilityComponentType={undefined}
      accessibilityLabel={undefined}
      accessibilityTraits={undefined}
      accessible={true}
      hitSlop={undefined}
      isTVSelectable={true}
      onLayout={undefined}
      onResponderGrant={[Function]}
      onResponderMove={[Function]}
      onResponderRelease={[Function]}
      onResponderTerminate={[Function]}
      onResponderTerminationRequest={[Function]}
      onStartShouldSetResponder={[Function]}
      style={
        Object {
          "alignItems": "center",
          "backgroundColor": "transparent",
          "flexDirection": "row",
          "justifyContent": "center",
          "opacity": 1,
        }
      }
      testID={undefined}
      tvParallaxProperties={undefined}
    >
      <Text
        accessible={true}
        allowFontScaling={true}
        ellipsizeMode="tail"
        style={
          Object {
            "color": "#FFF",
            "fontFamily": "Raleway-Regular",
            "fontSize": 20,
          }
        }
      >
        [missing "en.prompt.yes" translation]
         
      </Text>
    </View>
  </View>
</View>
`;
