exports[`test renders 1`] = `
<View>
  <Text
    accessible={true}
    allowFontScaling={true}
    ellipsizeMode="tail"
    style={
      Object {
        "backgroundColor": "transparent",
        "color": "#FFF",
        "fontFamily": "Raleway-ExtraBold",
        "fontSize": 30,
        "marginBottom": -2,
        "textAlign": "center",
      }
    }>
    On 
    Test
    \'s device 
    
    
    go to mytraxi.com 
    
    
    and enter the code:
  </Text>
  <View
    style={
      Object {
        "height": 64,
      }
    } />
  <Text
    accessible={true}
    allowFontScaling={true}
    ellipsizeMode="tail"
    style={
      Object {
        "backgroundColor": "transparent",
        "color": "#FFF",
        "fontSize": 64,
        "textAlign": "center",
      }
    }>
    1234
  </Text>
  <View
    style={
      Object {
        "height": 64,
      }
    } />
  <View>
    <ActivityIndicator
      animating={true}
      color="#FFF"
      hidesWhenStopped={true}
      size="large"
      style={
        Object {
          "marginBottom": 16,
        }
      } />
    <Text
      accessible={true}
      allowFontScaling={true}
      ellipsizeMode="tail"
      style={
        Array [
          undefined,
          Object {
            "backgroundColor": "transparent",
            "color": "#FFF",
            "textAlign": "center",
          },
        ]
      }>
      Waiting for 
      Test
      \'s device...
    </Text>
  </View>
  <View
    style={
      Object {
        "height": 32,
      }
    } />
  <View
    style={
      Object {
        "alignItems": "center",
        "flex": 1,
      }
    }>
    <View
      accessibilityComponentType={undefined}
      accessibilityLabel={undefined}
      accessibilityTraits={undefined}
      accessible={true}
      hitSlop={undefined}
      onLayout={undefined}
      onResponderGrant={[Function]}
      onResponderMove={[Function]}
      onResponderRelease={[Function]}
      onResponderTerminate={[Function]}
      onResponderTerminationRequest={[Function]}
      onStartShouldSetResponder={[Function]}
      style={
        Object {
          "alignItems": "center",
          "backgroundColor": "transparent",
          "flexDirection": "row",
          "justifyContent": "center",
          "opacity": 1,
        }
      }
      testID={undefined}>
      <Text
        accessible={true}
        allowFontScaling={true}
        ellipsizeMode="tail"
        style={
          Object {
            "color": "#FFF",
            "fontFamily": "Raleway-Regular",
            "fontSize": 20,
          }
        }>
        I need help
         
      </Text>
    </View>
  </View>
</View>
`;
