exports[`test does beginSetup with a free transaction 1`] = `
Array [
  Array [
    [Function],
  ],
]
`;

exports[`test renders the <SignUp> component 1`] = `
<Image
  resizeMode="cover"
  source={1}
  style={
    Object {
      "alignItems": "center",
      "flex": 1,
    }
  }>
  <View
    style={
      Object {
        "alignItems": "center",
        "flex": 1,
      }
    } />
  <View
    style={
      Object {
        "alignItems": "center",
        "flex": 1,
      }
    }>
    <Text
      accessible={true}
      allowFontScaling={true}
      ellipsizeMode="tail"
      style={
        Object {
          "backgroundColor": "transparent",
          "color": "#FFF",
          "fontFamily": "Raleway-ExtraBold",
          "fontSize": 26,
          "marginBottom": 16,
          "textAlign": "center",
        }
      }>
      What are your children doing online?
    </Text>
    <Text
      accessible={true}
      allowFontScaling={true}
      ellipsizeMode="tail"
      style={
        Object {
          "backgroundColor": "transparent",
          "color": "#FFF",
          "fontFamily": "Raleway-Regular",
          "fontSize": 13,
          "marginBottom": 24,
          "textAlign": "center",
        }
      }>
      Find out in less than 60 seconds.
    </Text>
    <View
      style={
        Object {
          "height": 24,
        }
      } />
    <View
      accessibilityComponentType={undefined}
      accessibilityLabel={undefined}
      accessibilityTraits={undefined}
      accessible={true}
      hitSlop={undefined}
      onLayout={undefined}
      onResponderGrant={[Function]}
      onResponderMove={[Function]}
      onResponderRelease={[Function]}
      onResponderTerminate={[Function]}
      onResponderTerminationRequest={[Function]}
      onStartShouldSetResponder={[Function]}
      style={
        Object {
          "alignItems": "center",
          "backgroundColor": "transparent",
          "flexDirection": "row",
          "justifyContent": "center",
          "opacity": 1,
        }
      }
      testID={undefined}>
      <Text
        accessible={true}
        allowFontScaling={true}
        ellipsizeMode="tail"
        style={
          Object {
            "color": "rgba(75, 73, 73, 1)",
            "fontSize": 28,
            "fontWeight": "200",
          }
        }>
        Get started
         
      </Text>
      <Image
        source={1} />
    </View>
  </View>
</Image>
`;
