// Jest Snapshot v1, https://goo.gl/fbAQLP

exports[`renders the <SplashScreen> component 1`] = `
<View
  style={
    Object {
      "backgroundColor": "#F0F2F7",
      "flex": 1,
    }
  }
>
  <View
    style={
      Object {
        "alignItems": "center",
        "flex": 1,
        "justifyContent": "center",
      }
    }
  >
    <Text
      accessible={true}
      allowFontScaling={false}
      animation="bounceIn"
      delay={1000}
      ellipsizeMode="tail"
      style={
        Object {
          "backgroundColor": "transparent",
          "color": "#545454",
          "fontFamily": "Raleway-ExtraBold",
          "fontSize": 22,
          "textAlign": "center",
        }
      }
      useNativeDriver={true}
    >
      Monitor your child with Traxi
    </Text>
    <View
      style={
        Object {
          "height": 16,
        }
      }
    />
    <Image
      animation="bounceInLeft"
      resizeMode="contain"
      source={1}
      style={
        Object {
          "height": 667,
        }
      }
      useNativeDriver={true}
    />
    <View
      style={
        Object {
          "height": 16,
        }
      }
    />
    <View
      accessibilityComponentType={undefined}
      accessibilityLabel={undefined}
      accessibilityTraits={undefined}
      accessible={true}
      hitSlop={undefined}
      isTVSelectable={true}
      onLayout={undefined}
      onResponderGrant={[Function]}
      onResponderMove={[Function]}
      onResponderRelease={[Function]}
      onResponderTerminate={[Function]}
      onResponderTerminationRequest={[Function]}
      onStartShouldSetResponder={[Function]}
      style={
        Object {
          "opacity": 1,
        }
      }
      testID={undefined}
      tvParallaxProperties={undefined}
    >
      <Image
        animation="bounceInUp"
        delay={2000}
        source={1}
        useNativeDriver={true}
      />
    </View>
    <View
      animation="bounceInUp"
      delay={2200}
      useNativeDriver={true}
    >
      <View
        style={
          Object {
            "marginHorizontal": 16,
          }
        }
      >
        <View
          onPress={[Function]}
          style={
            Object {
              "backgroundColor": "#448AFF",
            }
          }
        >
          <Text
            accessible={true}
            allowFontScaling={true}
            ellipsizeMode="tail"
            style={
              Object {
                "color": "#FFF",
                "fontFamily": "Raleway-Bold",
              }
            }
          >
            Sign up with email
          </Text>
        </View>
      </View>
    </View>
  </View>
</View>
`;
