// Jest Snapshot v1, https://goo.gl/fbAQLP

exports[`renders the <SplashScreen> component 1`] = `
<View
  style={
    Object {
      "backgroundColor": "#F0F2F7",
      "flex": 1,
    }
  }
>
  <View
    style={
      Object {
        "alignItems": "center",
        "flex": 1,
        "justifyContent": "center",
        "paddingHorizontal": 32,
      }
    }
  >
    <Image
      animation="bounceInLeft"
      resizeMode="contain"
      source={1}
      style={
        Object {
          "height": 667,
        }
      }
      useNativeDriver={true}
    />
    <View
      style={
        Object {
          "height": 32,
        }
      }
    />
    <Text
      accessible={true}
      allowFontScaling={true}
      animation="bounceIn"
      delay={1000}
      ellipsizeMode="tail"
      style={
        Object {
          "backgroundColor": "transparent",
          "color": "#545454",
          "fontFamily": "Raleway-ExtraBold",
          "fontSize": 22,
          "textAlign": "center",
        }
      }
      useNativeDriver={true}
    >
      What is your child doing online?
    </Text>
    <View
      style={
        Object {
          "height": 32,
        }
      }
    />
    <View
      animation="bounceInUp"
      delay={2000}
      useNativeDriver={true}
    >
      <View
        style={
          Object {
            "marginHorizontal": 16,
          }
        }
      >
        <View
          onPress={[Function]}
          style={
            Object {
              "backgroundColor": "#448AFF",
            }
          }
        >
          <Text
            accessible={true}
            allowFontScaling={true}
            ellipsizeMode="tail"
            style={
              Object {
                "color": "#FFF",
                "fontFamily": "Raleway-Bold",
              }
            }
          >
            Start monitoring with Traxi
          </Text>
        </View>
      </View>
    </View>
  </View>
</View>
`;
