exports[`test renders the <Thankyou> component 1`] = `
<Image
  source={1}
  style={
    Object {
      "flex": 1,
      "paddingHorizontal": 32,
      "paddingTop": 32,
      "width": 750,
    }
  }>
  <Text
    accessible={true}
    allowFontScaling={true}
    ellipsizeMode="tail"
    style={
      Object {
        "backgroundColor": "transparent",
        "color": "#FFF",
        "fontFamily": "Raleway-ExtraBold",
        "fontSize": 26,
        "textAlign": "center",
      }
    }>
    [missing \"en.thankyou.header\" translation]
  </Text>
  <View
    style={
      Object {
        "height": 36,
      }
    } />
  <Text
    accessible={true}
    allowFontScaling={true}
    ellipsizeMode="tail"
    style={
      Object {
        "backgroundColor": "transparent",
        "color": "#FFF",
        "fontFamily": "Raleway-Regular",
        "fontSize": 16,
        "paddingBottom": 16,
        "textAlign": "left",
      }
    }>
    [missing \"en.thankyou.body1\" translation]
  </Text>
  <Text
    accessible={true}
    allowFontScaling={true}
    ellipsizeMode="tail"
    style={
      Object {
        "backgroundColor": "transparent",
        "color": "#FFF",
        "fontFamily": "Raleway-Regular",
        "fontSize": 16,
        "paddingBottom": 16,
        "textAlign": "left",
      }
    }>
    [missing \"en.thankyou.body2\" translation]
  </Text>
</Image>
`;
