exports[`test renders 1`] = `
<View>
  <View
    component={[Function]}
    initial={false} />
  <View
    component={[Function]} />
  <View
    component={[Function]} />
  <View
    component={[Function]} />
  <View
    component={[Function]} />
  <View
    component={[Function]} />
  <View
    component={[Function]} />
  <View
    component={[Function]}
    initial={
      Array [
        1,
        2,
        3,
      ]
    } />
  <View
    component={[Function]} />
  <View
    component={[Function]} />
</View>
`;
