exports[`test Renders a list of day summaries 1`] = `
<ScrollView
  style={
    Object {
      "minHeight": 959,
    }
  }>
  <View
    accessibilityComponentType={undefined}
    accessibilityLabel={undefined}
    accessibilityTraits={undefined}
    accessible={true}
    hitSlop={undefined}
    onLayout={undefined}
    onResponderGrant={[Function]}
    onResponderMove={[Function]}
    onResponderRelease={[Function]}
    onResponderTerminate={[Function]}
    onResponderTerminationRequest={[Function]}
    onStartShouldSetResponder={[Function]}
    style={
      Object {
        "opacity": 1,
      }
    }
    testID={undefined}>
    <View
      style={
        Object {
          "alignItems": "center",
          "flexDirection": "row",
          "justifyContent": "space-between",
          "padding": 16,
          "width": 750,
        }
      }>
      <Text
        accessible={true}
        allowFontScaling={true}
        ellipsizeMode="tail"
        style={
          Object {
            "backgroundColor": "transparent",
            "color": "#FFF",
            "fontFamily": "Raleway-ExtraBold",
            "fontSize": 30,
            "marginBottom": -2,
            "textAlign": "left",
          }
        }>
        Tuesday
      </Text>
      <View
        elevation={11}
        style={
          Object {
            "height": 96,
            "paddingTop": 6,
            "width": 96,
          }
        }>
        <Image
          source={undefined}
          style={
            Object {
              "alignItems": "center",
              "backgroundColor": "#FFF",
              "borderColor": "#4CAF50",
              "borderRadius": 42,
              "height": 84,
              "justifyContent": "center",
              "left": 6,
              "width": 84,
              "zIndex": 2,
            }
          }>
          <Text
            accessible={true}
            allowFontScaling={true}
            ellipsizeMode="tail"
            style={
              Object {
                "backgroundColor": "transparent",
                "color": "rgb(244, 67, 54)",
                "fontSize": 23,
                "fontWeight": "bold",
              }
            }>
            undefinedm
          </Text>
          <Text
            accessible={true}
            allowFontScaling={true}
            ellipsizeMode="tail"
            style={
              Object {
                "backgroundColor": "transparent",
                "color": "rgba(75, 73, 73, 1)",
                "fontSize": 12,
                "fontWeight": "200",
              }
            } />
        </Image>
        <View />
      </View>
    </View>
  </View>
  <View
    accessibilityComponentType={undefined}
    accessibilityLabel={undefined}
    accessibilityTraits={undefined}
    accessible={true}
    hitSlop={undefined}
    onLayout={undefined}
    onResponderGrant={[Function]}
    onResponderMove={[Function]}
    onResponderRelease={[Function]}
    onResponderTerminate={[Function]}
    onResponderTerminationRequest={[Function]}
    onStartShouldSetResponder={[Function]}
    style={
      Object {
        "opacity": 1,
      }
    }
    testID={undefined}>
    <View
      style={
        Object {
          "alignItems": "center",
          "flexDirection": "row",
          "justifyContent": "space-between",
          "padding": 16,
          "width": 750,
        }
      }>
      <Text
        accessible={true}
        allowFontScaling={true}
        ellipsizeMode="tail"
        style={
          Object {
            "backgroundColor": "transparent",
            "color": "#FFF",
            "fontFamily": "Raleway-ExtraBold",
            "fontSize": 30,
            "marginBottom": -2,
            "textAlign": "left",
          }
        }>
        Monday
      </Text>
      <View
        elevation={11}
        style={
          Object {
            "height": 96,
            "paddingTop": 6,
            "width": 96,
          }
        }>
        <Image
          source={undefined}
          style={
            Object {
              "alignItems": "center",
              "backgroundColor": "#FFF",
              "borderColor": "#4CAF50",
              "borderRadius": 42,
              "height": 84,
              "justifyContent": "center",
              "left": 6,
              "width": 84,
              "zIndex": 2,
            }
          }>
          <Text
            accessible={true}
            allowFontScaling={true}
            ellipsizeMode="tail"
            style={
              Object {
                "backgroundColor": "transparent",
                "color": "rgb(244, 67, 54)",
                "fontSize": 23,
                "fontWeight": "bold",
              }
            }>
            undefinedm
          </Text>
          <Text
            accessible={true}
            allowFontScaling={true}
            ellipsizeMode="tail"
            style={
              Object {
                "backgroundColor": "transparent",
                "color": "rgba(75, 73, 73, 1)",
                "fontSize": 12,
                "fontWeight": "200",
              }
            } />
        </Image>
        <View />
      </View>
    </View>
  </View>
  <View
    accessibilityComponentType={undefined}
    accessibilityLabel={undefined}
    accessibilityTraits={undefined}
    accessible={true}
    hitSlop={undefined}
    onLayout={undefined}
    onResponderGrant={[Function]}
    onResponderMove={[Function]}
    onResponderRelease={[Function]}
    onResponderTerminate={[Function]}
    onResponderTerminationRequest={[Function]}
    onStartShouldSetResponder={[Function]}
    style={
      Object {
        "opacity": 1,
      }
    }
    testID={undefined}>
    <View
      style={
        Object {
          "alignItems": "center",
          "flexDirection": "row",
          "justifyContent": "space-between",
          "padding": 16,
          "width": 750,
        }
      }>
      <Text
        accessible={true}
        allowFontScaling={true}
        ellipsizeMode="tail"
        style={
          Object {
            "backgroundColor": "transparent",
            "color": "#FFF",
            "fontFamily": "Raleway-ExtraBold",
            "fontSize": 30,
            "marginBottom": -2,
            "textAlign": "left",
          }
        }>
        Sunday
      </Text>
      <View
        elevation={11}
        style={
          Object {
            "height": 96,
            "paddingTop": 6,
            "width": 96,
          }
        }>
        <Image
          source={undefined}
          style={
            Object {
              "alignItems": "center",
              "backgroundColor": "#FFF",
              "borderColor": "#4CAF50",
              "borderRadius": 42,
              "height": 84,
              "justifyContent": "center",
              "left": 6,
              "width": 84,
              "zIndex": 2,
            }
          }>
          <Text
            accessible={true}
            allowFontScaling={true}
            ellipsizeMode="tail"
            style={
              Object {
                "backgroundColor": "transparent",
                "color": "rgb(244, 67, 54)",
                "fontSize": 23,
                "fontWeight": "bold",
              }
            }>
            undefinedm
          </Text>
          <Text
            accessible={true}
            allowFontScaling={true}
            ellipsizeMode="tail"
            style={
              Object {
                "backgroundColor": "transparent",
                "color": "rgba(75, 73, 73, 1)",
                "fontSize": 12,
                "fontWeight": "200",
              }
            } />
        </Image>
        <View />
      </View>
    </View>
  </View>
  <View
    accessibilityComponentType={undefined}
    accessibilityLabel={undefined}
    accessibilityTraits={undefined}
    accessible={true}
    hitSlop={undefined}
    onLayout={undefined}
    onResponderGrant={[Function]}
    onResponderMove={[Function]}
    onResponderRelease={[Function]}
    onResponderTerminate={[Function]}
    onResponderTerminationRequest={[Function]}
    onStartShouldSetResponder={[Function]}
    style={
      Object {
        "opacity": 1,
      }
    }
    testID={undefined}>
    <View
      style={
        Object {
          "alignItems": "center",
          "flexDirection": "row",
          "justifyContent": "space-between",
          "padding": 16,
          "width": 750,
        }
      }>
      <Text
        accessible={true}
        allowFontScaling={true}
        ellipsizeMode="tail"
        style={
          Object {
            "backgroundColor": "transparent",
            "color": "#FFF",
            "fontFamily": "Raleway-ExtraBold",
            "fontSize": 30,
            "marginBottom": -2,
            "textAlign": "left",
          }
        }>
        Saturday
      </Text>
      <View
        elevation={11}
        style={
          Object {
            "height": 96,
            "paddingTop": 6,
            "width": 96,
          }
        }>
        <Image
          source={undefined}
          style={
            Object {
              "alignItems": "center",
              "backgroundColor": "#FFF",
              "borderColor": "#4CAF50",
              "borderRadius": 42,
              "height": 84,
              "justifyContent": "center",
              "left": 6,
              "width": 84,
              "zIndex": 2,
            }
          }>
          <Text
            accessible={true}
            allowFontScaling={true}
            ellipsizeMode="tail"
            style={
              Object {
                "backgroundColor": "transparent",
                "color": "rgb(244, 67, 54)",
                "fontSize": 23,
                "fontWeight": "bold",
              }
            }>
            undefinedm
          </Text>
          <Text
            accessible={true}
            allowFontScaling={true}
            ellipsizeMode="tail"
            style={
              Object {
                "backgroundColor": "transparent",
                "color": "rgba(75, 73, 73, 1)",
                "fontSize": 12,
                "fontWeight": "200",
              }
            } />
        </Image>
        <View />
      </View>
    </View>
  </View>
</ScrollView>
`;
